** Drc report for charging-box-central.kicad_pcb **
** Created on 2026-01-26T11:26:49+0000 **

** Found 17 DRC violations **
[lib_footprint_issues]: The current configuration does not include the footprint library 'Connector_Molex'.
    Local override; warning
    @(133.5000 mm, 46.5000 mm): Footprint J4
[lib_footprint_issues]: The current configuration does not include the footprint library 'Connector_Molex'.
    Local override; warning
    @(131.0000 mm, 100.4150 mm): Footprint J9
[lib_footprint_issues]: The current configuration does not include the footprint library 'Connector_Molex'.
    Local override; warning
    @(91.0000 mm, 100.4150 mm): Footprint J10
[lib_footprint_issues]: The current configuration does not include the footprint library 'Connector_AMASS'.
    Local override; warning
    @(81.5000 mm, 69.0000 mm): Footprint J3
[lib_footprint_issues]: The current configuration does not include the footprint library 'Resistor_THT'.
    Local override; warning
    @(121.5000 mm, 84.4200 mm): Footprint R1
[lib_footprint_issues]: The current configuration does not include the footprint library 'Connector_Molex'.
    Local override; warning
    @(81.0000 mm, 100.1800 mm): Footprint SW11
[lib_footprint_issues]: The current configuration does not include the footprint library 'Connector_Molex'.
    Local override; warning
    @(101.5000 mm, 100.4150 mm): Footprint J11
[lib_footprint_issues]: The current configuration does not include the footprint library 'Connector_Molex'.
    Local override; warning
    @(110.5000 mm, 47.0000 mm): Footprint J1
[lib_footprint_issues]: The current configuration does not include the footprint library 'Connector_Molex'.
    Local override; warning
    @(88.1400 mm, 46.8200 mm): Footprint J2
[lib_footprint_issues]: The current configuration does not include the footprint library 'Connector_Molex'.
    Local override; warning
    @(111.5000 mm, 100.1800 mm): Footprint J6
[lib_footprint_issues]: The current configuration does not include the footprint library 'Resistor_THT'.
    Local override; warning
    @(91.0000 mm, 93.5000 mm): Footprint R2
[lib_footprint_issues]: The current configuration does not include the footprint library 'Connector_Molex'.
    Local override; warning
    @(141.0000 mm, 100.6800 mm): Footprint J8
[lib_footprint_issues]: The current configuration does not include the footprint library 'Resistor_THT'.
    Local override; warning
    @(111.5000 mm, 83.6850 mm): Footprint R7
[lib_footprint_issues]: The current configuration does not include the footprint library 'Connector_Molex'.
    Local override; warning
    @(77.5850 mm, 89.5000 mm): Footprint J5
[lib_footprint_issues]: The current configuration does not include the footprint library 'Connector_Molex'.
    Local override; warning
    @(121.5000 mm, 100.4150 mm): Footprint J7
[silk_overlap]: Silkscreen overlap
    Rule: board setup constraints silk; warning
    @(122.8700 mm, 86.2300 mm): Rectangle of R1 on F.Silkscreen
    @(143.8640 mm, 58.3130 mm): Polygon of G*** on F.Silkscreen
[silk_overlap]: Silkscreen overlap
    Rule: board setup constraints silk; warning
    @(143.8640 mm, 58.3130 mm): Polygon of G*** on F.Silkscreen
    @(121.5000 mm, 85.4600 mm): Segment of R1 on F.Silkscreen

** Found 0 unconnected pads **

** Found 9 Footprint errors **
[duplicate_footprints]: Duplicate footprints
    Local override; warning
    @(149.9100 mm, 60.5800 mm): Footprint REF**
    @(150.0000 mm, 110.5800 mm): Footprint REF**
[duplicate_footprints]: Duplicate footprints
    Local override; warning
    @(72.9100 mm, 47.7275 mm): Footprint REF**
    @(150.0000 mm, 110.5800 mm): Footprint REF**
[duplicate_footprints]: Duplicate footprints
    Local override; warning
    @(72.9100 mm, 110.0800 mm): Footprint REF**
    @(150.0000 mm, 110.5800 mm): Footprint REF**
[net_conflict]: No pad found for pin 3 (GND) in schematic.
    Local override; warning
    @(81.0000 mm, 100.1800 mm): Footprint SW11
[net_conflict]: No pad found for pin 4 in schematic.
    Local override; warning
    @(81.0000 mm, 100.1800 mm): Footprint SW11
[extra_footprint]: Extra footprint
    Local override; warning
    @(150.0000 mm, 110.5800 mm): Footprint REF**
[extra_footprint]: Extra footprint
    Local override; warning
    @(149.9100 mm, 60.5800 mm): Footprint REF**
[extra_footprint]: Extra footprint
    Local override; warning
    @(72.9100 mm, 47.7275 mm): Footprint REF**
[extra_footprint]: Extra footprint
    Local override; warning
    @(72.9100 mm, 110.0800 mm): Footprint REF**

** End of Report **
